## minecraft 1.17
## commit: c4a005d
## gradle exit: 1, validate exit: 1
## compile errors: 0
## access widener: accessWidener v1 named
## packaged widener: 
## validate output: no non-sources jar found in build/libs 

To honour the JVM settings for this build a single-use Daemon process will be forked. For more on this, please refer to https://docs.gradle.org/9.5.1/userguide/gradle_daemon.html#sec:disabling_the_daemon in the Gradle documentation.
Daemon will be stopped at the end of the build 

> Configure project :
Fabric Loom: 1.17.21
Previous process has disowned the lock due to abrupt termination.
Found existing cache lock file (ACQUIRED_PREVIOUS_OWNER_DISOWNED), rebuilding loom cache. This may have been caused by a failed or canceled build.

FAILURE: Build failed with an exception.

* What went wrong:
A problem occurred configuring root project 'beryllium'.
> Failed to setup Minecraft, java.lang.UnsupportedOperationException: Only Minecraft versions using a bundled server jar can be split, please use a merged jar setup for this version of minecraft

* Try:
> Run with --stacktrace option to get the stack trace.
> Run with --info or --debug option to get more log output.
> Run with --scan to get full insights from a Build Scan (powered by Develocity).
> Get more help at https://help.gradle.org.

BUILD FAILED in 4s
