## minecraft 1.19.1
## commit: f7c8706
## gradle exit: 1, validate exit: 1
## compile errors: 60
## access widener: accessWidener v1 named
## packaged widener: 
## validate output: no non-sources jar found in build/libs 

To honour the JVM settings for this build a single-use Daemon process will be forked. For more on this, please refer to https://docs.gradle.org/9.5.1/userguide/gradle_daemon.html#sec:disabling_the_daemon in the Gradle documentation.
Daemon will be stopped at the end of the build 

> Configure project :
Fabric Loom: 1.17.21
Failed to parse fabric.mod.json: /home/runner/work/Beryllium/Beryllium/src/main/resources/fabric.mod.json

> Task :clean

> Task :compileJava
/home/runner/work/Beryllium/Beryllium/src/client/java/com/endiq/beryllium/culling/CameraAccess.java:7: error: package org.joml does not exist
import org.joml.Vector3f;
               ^
/home/runner/work/Beryllium/Beryllium/src/client/java/com/endiq/beryllium/culling/CameraAccess.java:8: error: package org.joml does not exist
import org.joml.Vector3fc;
               ^
/home/runner/work/Beryllium/Beryllium/src/client/java/com/endiq/beryllium/culling/CameraAccess.java:32: error: cannot find symbol
	private static final Vector3f SCRATCH = new Vector3f();
	                     ^
  symbol:   class Vector3f
  location: class CameraAccess
/home/runner/work/Beryllium/Beryllium/src/client/java/com/endiq/beryllium/culling/CameraAccess.java:123: error: cannot find symbol
	public static Vector3f lookVector(Camera camera) {
	              ^
  symbol:   class Vector3f
  location: class CameraAccess
/home/runner/work/Beryllium/Beryllium/src/client/java/com/endiq/beryllium/mixin/misc/TelemetryMixin.java:6: error: package net.minecraft.client.telemetry does not exist
import net.minecraft.client.telemetry.TelemetryEventSender;
                                     ^
/home/runner/work/Beryllium/Beryllium/src/client/java/com/endiq/beryllium/mixin/misc/TelemetryMixin.java:36: error: cannot find symbol
	private void beryllium$disableOutsideSessionTelemetry(CallbackInfoReturnable<TelemetryEventSender> cir) {
	                                                                             ^
  symbol:   class TelemetryEventSender
  location: class TelemetryMixin
/home/runner/work/Beryllium/Beryllium/src/client/java/com/endiq/beryllium/mixin/misc/TelemetryMixin.java:42: error: cannot find symbol
	private void beryllium$disableSessionTelemetry(CallbackInfoReturnable<TelemetryEventSender> cir) {
	                                                                      ^
  symbol:   class TelemetryEventSender
  location: class TelemetryMixin
/home/runner/work/Beryllium/Beryllium/src/client/java/com/endiq/beryllium/mixin/misc/TelemetryMixin.java:48: error: cannot find symbol
	private void beryllium$disableSessionTelemetryLegacy(CallbackInfoReturnable<TelemetryEventSender> cir) {
	                                                                            ^
  symbol:   class TelemetryEventSender
  location: class TelemetryMixin
/home/runner/work/Beryllium/Beryllium/src/client/java/com/endiq/beryllium/mixin/misc/TelemetryMixin.java:52: error: cannot find symbol
	private void beryllium$disable(CallbackInfoReturnable<TelemetryEventSender> cir) {
	                                                      ^
  symbol:   class TelemetryEventSender
  location: class TelemetryMixin
/home/runner/work/Beryllium/Beryllium/src/client/java/com/endiq/beryllium/mixin/culling/EntityRenderDispatcherMixin.java:13: error: package org.joml does not exist
import org.joml.Vector3f;
               ^
/home/runner/work/Beryllium/Beryllium/src/client/java/com/endiq/beryllium/mixin/text/FontSignTextLegacyMixin.java:5: error: package org.joml does not exist
import org.joml.Matrix4f;
               ^
/home/runner/work/Beryllium/Beryllium/src/client/java/com/endiq/beryllium/mixin/text/FontSignTextLegacyMixin.java:35: error: cannot find symbol
		Component text, float x, float y, int color, boolean dropShadow, Matrix4f matrix,
		                                                                 ^
  symbol:   class Matrix4f
  location: class FontSignTextLegacyMixin
/home/runner/work/Beryllium/Beryllium/src/client/java/com/endiq/beryllium/mixin/text/FontSignTextLegacyMixin.java:49: error: cannot find symbol
		String text, float x, float y, int color, boolean dropShadow, Matrix4f matrix,
		                                                              ^
  symbol:   class Matrix4f
  location: class FontSignTextLegacyMixin
/home/runner/work/Beryllium/Beryllium/src/client/java/com/endiq/beryllium/mixin/text/FontSignTextMixin.java:6: error: package org.joml does not exist
import org.joml.Matrix4f;
               ^
/home/runner/work/Beryllium/Beryllium/src/client/java/com/endiq/beryllium/mixin/text/FontSignTextMixin.java:60: error: cannot find symbol
		String text, float x, float y, int color, boolean dropShadow, Matrix4f matrix,
		                                                              ^
  symbol:   class Matrix4f
  location: class FontSignTextMixin
/home/runner/work/Beryllium/Beryllium/src/client/java/com/endiq/beryllium/mixin/text/FontSignTextMixin.java:74: error: cannot find symbol
		Component text, float x, float y, int color, boolean dropShadow, Matrix4f matrix,
		                                                                 ^
  symbol:   class Matrix4f
  location: class FontSignTextMixin
/home/runner/work/Beryllium/Beryllium/src/client/java/com/endiq/beryllium/mixin/text/FontSignTextMixin.java:89: error: cannot find symbol
		Matrix4f matrix, Object bufferSource, Object displayMode,
		^
  symbol:   class Matrix4f
  location: class FontSignTextMixin
/home/runner/work/Beryllium/Beryllium/src/client/java/com/endiq/beryllium/mixin/text/FontSignTextMixin.java:104: error: cannot find symbol
		String text, float x, float y, int color, boolean dropShadow, Matrix4f matrix,
		                                                              ^
  symbol:   class Matrix4f
  location: class FontSignTextMixin
/home/runner/work/Beryllium/Beryllium/src/client/java/com/endiq/beryllium/mixin/text/FontSignTextMixin.java:118: error: cannot find symbol
		Component text, float x, float y, int color, boolean dropShadow, Matrix4f matrix,
		                                                                 ^
  symbol:   class Matrix4f
  location: class FontSignTextMixin
/home/runner/work/Beryllium/Beryllium/src/client/java/com/endiq/beryllium/mixin/text/FontSignTextMixin.java:134: error: cannot find symbol
		String text, float x, float y, int color, boolean dropShadow, Matrix4f matrix,
		                                                              ^
  symbol:   class Matrix4f
  location: class FontSignTextMixin
/home/runner/work/Beryllium/Beryllium/src/client/java/com/endiq/beryllium/mixin/text/FontSignTextMixin.java:148: error: cannot find symbol
		Component text, float x, float y, int color, boolean dropShadow, Matrix4f matrix,
		                                                                 ^
  symbol:   class Matrix4f
  location: class FontSignTextMixin
/home/runner/work/Beryllium/Beryllium/src/client/java/com/endiq/beryllium/mixin/text/FontSignTextMixin.java:163: error: cannot find symbol
		Matrix4f matrix, Object bufferSource, Object displayMode,
		^
  symbol:   class Matrix4f
  location: class FontSignTextMixin
/home/runner/work/Beryllium/Beryllium/src/client/java/com/endiq/beryllium/mixin/text/FontSignTextMixin.java:184: error: cannot find symbol
		Matrix4f matrix, Object bufferSource, int packedLightCoords, CallbackInfo ci
		^
  symbol:   class Matrix4f
  location: class FontSignTextMixin
/home/runner/work/Beryllium/Beryllium/src/client/java/com/endiq/beryllium/ClientFrameHooks.java:18: error: package org.joml does not exist
import org.joml.Vector3f;
               ^
/home/runner/work/Beryllium/Beryllium/src/client/java/com/endiq/beryllium/culling/CameraAccess.java:32: error: cannot find symbol
	private static final Vector3f SCRATCH = new Vector3f();
	                                            ^
  symbol:   class Vector3f
  location: class CameraAccess
/home/runner/work/Beryllium/Beryllium/src/client/java/com/endiq/beryllium/culling/CameraAccess.java:131: error: cannot find symbol
			if (value instanceof Vector3fc vector) {
			                     ^
  symbol:   class Vector3fc
  location: class CameraAccess
/home/runner/work/Beryllium/Beryllium/src/client/java/com/endiq/beryllium/mixin/misc/TelemetryMixin.java:58: error: cannot find symbol
			Object disabled = Reflect.getStatic(TelemetryEventSender.class, "DISABLED");
			                                    ^
  symbol:   class TelemetryEventSender
  location: class TelemetryMixin
/home/runner/work/Beryllium/Beryllium/src/client/java/com/endiq/beryllium/mixin/misc/TelemetryMixin.java:59: error: cannot find symbol
			if (disabled instanceof TelemetryEventSender sender) {
			                        ^
  symbol:   class TelemetryEventSender
  location: class TelemetryMixin
/home/runner/work/Beryllium/Beryllium/src/client/java/com/endiq/beryllium/mixin/culling/EntityRenderDispatcherMixin.java:44: error: cannot find symbol
		Vector3f forward = CameraAccess.lookVector(camera);
		^
  symbol:   class Vector3f
  location: class EntityRenderDispatcherMixin
/home/runner/work/Beryllium/Beryllium/src/client/java/com/endiq/beryllium/ClientFrameHooks.java:140: error: cannot find symbol
			Vector3f look = CameraAccess.lookVector(camera);
			^
  symbol:   class Vector3f
  location: class ClientFrameHooks
30 errors

> Task :compileJava FAILED

[Incubating] Problems report is available at: file:///home/runner/work/Beryllium/Beryllium/build/reports/problems/problems-report.html

FAILURE: Build failed with an exception.

* What went wrong:
Execution failed for task ':compileJava' (registered by plugin class 'org.gradle.api.plugins.JavaBasePlugin').
> Compilation failed; see the compiler output below.
  /home/runner/work/Beryllium/Beryllium/src/client/java/com/endiq/beryllium/culling/CameraAccess.java:32: error: cannot find symbol
  	private static final Vector3f SCRATCH = new Vector3f();
  	                     ^
    symbol:   class Vector3f
    location: class CameraAccess
  /home/runner/work/Beryllium/Beryllium/src/client/java/com/endiq/beryllium/culling/CameraAccess.java:123: error: cannot find symbol
  	public static Vector3f lookVector(Camera camera) {
  	              ^
    symbol:   class Vector3f
    location: class CameraAccess
  /home/runner/work/Beryllium/Beryllium/src/client/java/com/endiq/beryllium/mixin/misc/TelemetryMixin.java:36: error: cannot find symbol
  	private void beryllium$disableOutsideSessionTelemetry(CallbackInfoReturnable<TelemetryEventSender> cir) {
  	                                                                             ^
    symbol:   class TelemetryEventSender
    location: class TelemetryMixin
  /home/runner/work/Beryllium/Beryllium/src/client/java/com/endiq/beryllium/mixin/misc/TelemetryMixin.java:42: error: cannot find symbol
  	private void beryllium$disableSessionTelemetry(CallbackInfoReturnable<TelemetryEventSender> cir) {
  	                                                                      ^
    symbol:   class TelemetryEventSender
    location: class TelemetryMixin
  /home/runner/work/Beryllium/Beryllium/src/client/java/com/endiq/beryllium/mixin/misc/TelemetryMixin.java:48: error: cannot find symbol
  	private void beryllium$disableSessionTelemetryLegacy(CallbackInfoReturnable<TelemetryEventSender> cir) {
  	                                                                            ^
    symbol:   class TelemetryEventSender
    location: class TelemetryMixin
  /home/runner/work/Beryllium/Beryllium/src/client/java/com/endiq/beryllium/mixin/misc/TelemetryMixin.java:52: error: cannot find symbol
  	private void beryllium$disable(CallbackInfoReturnable<TelemetryEventSender> cir) {
  	                                                      ^
    symbol:   class TelemetryEventSender
    location: class TelemetryMixin
  /home/runner/work/Beryllium/Beryllium/src/client/java/com/endiq/beryllium/mixin/text/FontSignTextLegacyMixin.java:35: error: cannot find symbol
  		Component text, float x, float y, int color, boolean dropShadow, Matrix4f matrix,
  		                                                                 ^
    symbol:   class Matrix4f
    location: class FontSignTextLegacyMixin
  /home/runner/work/Beryllium/Beryllium/src/client/java/com/endiq/beryllium/mixin/text/FontSignTextLegacyMixin.java:49: error: cannot find symbol
  		String text, float x, float y, int color, boolean dropShadow, Matrix4f matrix,
  		                                                              ^
    symbol:   class Matrix4f
    location: class FontSignTextLegacyMixin
  /home/runner/work/Beryllium/Beryllium/src/client/java/com/endiq/beryllium/mixin/text/FontSignTextMixin.java:60: error: cannot find symbol
  		String text, float x, float y, int color, boolean dropShadow, Matrix4f matrix,
  		                                                              ^
    symbol:   class Matrix4f
    location: class FontSignTextMixin
  /home/runner/work/Beryllium/Beryllium/src/client/java/com/endiq/beryllium/mixin/text/FontSignTextMixin.java:74: error: cannot find symbol
  		Component text, float x, float y, int color, boolean dropShadow, Matrix4f matrix,
  		                                                                 ^
    symbol:   class Matrix4f
    location: class FontSignTextMixin
  /home/runner/work/Beryllium/Beryllium/src/client/java/com/endiq/beryllium/mixin/text/FontSignTextMixin.java:89: error: cannot find symbol
  		Matrix4f matrix, Object bufferSource, Object displayMode,
  		^
    symbol:   class Matrix4f
    location: class FontSignTextMixin
  /home/runner/work/Beryllium/Beryllium/src/client/java/com/endiq/beryllium/mixin/text/FontSignTextMixin.java:104: error: cannot find symbol
  		String text, float x, float y, int color, boolean dropShadow, Matrix4f matrix,
  		                                                              ^
    symbol:   class Matrix4f
    location: class FontSignTextMixin
  /home/runner/work/Beryllium/Beryllium/src/client/java/com/endiq/beryllium/mixin/text/FontSignTextMixin.java:118: error: cannot find symbol
  		Component text, float x, float y, int color, boolean dropShadow, Matrix4f matrix,
  		                                                                 ^
    symbol:   class Matrix4f
    location: class FontSignTextMixin
  /home/runner/work/Beryllium/Beryllium/src/client/java/com/endiq/beryllium/mixin/text/FontSignTextMixin.java:134: error: cannot find symbol
  		String text, float x, float y, int color, boolean dropShadow, Matrix4f matrix,
  		                                                              ^
    symbol:   class Matrix4f
    location: class FontSignTextMixin
  /home/runner/work/Beryllium/Beryllium/src/client/java/com/endiq/beryllium/mixin/text/FontSignTextMixin.java:148: error: cannot find symbol
  		Component text, float x, float y, int color, boolean dropShadow, Matrix4f matrix,
  		                                                                 ^
    symbol:   class Matrix4f
    location: class FontSignTextMixin
  /home/runner/work/Beryllium/Beryllium/src/client/java/com/endiq/beryllium/mixin/text/FontSignTextMixin.java:163: error: cannot find symbol
  		Matrix4f matrix, Object bufferSource, Object displayMode,
  		^
    symbol:   class Matrix4f
    location: class FontSignTextMixin
  /home/runner/work/Beryllium/Beryllium/src/client/java/com/endiq/beryllium/mixin/text/FontSignTextMixin.java:184: error: cannot find symbol
  		Matrix4f matrix, Object bufferSource, int packedLightCoords, CallbackInfo ci
  		^
    symbol:   class Matrix4f
    location: class FontSignTextMixin
  /home/runner/work/Beryllium/Beryllium/src/client/java/com/endiq/beryllium/culling/CameraAccess.java:32: error: cannot find symbol
  	private static final Vector3f SCRATCH = new Vector3f();
  	                                            ^
    symbol:   class Vector3f
    location: class CameraAccess
  /home/runner/work/Beryllium/Beryllium/src/client/java/com/endiq/beryllium/culling/CameraAccess.java:131: error: cannot find symbol
  			if (value instanceof Vector3fc vector) {
  			                     ^
    symbol:   class Vector3fc
    location: class CameraAccess
  /home/runner/work/Beryllium/Beryllium/src/client/java/com/endiq/beryllium/mixin/misc/TelemetryMixin.java:58: error: cannot find symbol
  			Object disabled = Reflect.getStatic(TelemetryEventSender.class, "DISABLED");
  			                                    ^
    symbol:   class TelemetryEventSender
    location: class TelemetryMixin
  /home/runner/work/Beryllium/Beryllium/src/client/java/com/endiq/beryllium/mixin/misc/TelemetryMixin.java:59: error: cannot find symbol
  			if (disabled instanceof TelemetryEventSender sender) {
  			                        ^
    symbol:   class TelemetryEventSender
    location: class TelemetryMixin
  /home/runner/work/Beryllium/Beryllium/src/client/java/com/endiq/beryllium/mixin/culling/EntityRenderDispatcherMixin.java:44: error: cannot find symbol
  		Vector3f forward = CameraAccess.lookVector(camera);
  		^
    symbol:   class Vector3f
    location: class EntityRenderDispatcherMixin
  /home/runner/work/Beryllium/Beryllium/src/client/java/com/endiq/beryllium/ClientFrameHooks.java:140: error: cannot find symbol
  			Vector3f look = CameraAccess.lookVector(camera);
  			^
    symbol:   class Vector3f
    location: class ClientFrameHooks
  /home/runner/work/Beryllium/Beryllium/src/client/java/com/endiq/beryllium/culling/CameraAccess.java:7: error: package org.joml does not exist
  import org.joml.Vector3f;
                 ^
  /home/runner/work/Beryllium/Beryllium/src/client/java/com/endiq/beryllium/culling/CameraAccess.java:8: error: package org.joml does not exist
  import org.joml.Vector3fc;
                 ^
  /home/runner/work/Beryllium/Beryllium/src/client/java/com/endiq/beryllium/mixin/misc/TelemetryMixin.java:6: error: package net.minecraft.client.telemetry does not exist
  import net.minecraft.client.telemetry.TelemetryEventSender;
                                       ^
  /home/runner/work/Beryllium/Beryllium/src/client/java/com/endiq/beryllium/mixin/culling/EntityRenderDispatcherMixin.java:13: error: package org.joml does not exist
  import org.joml.Vector3f;
                 ^
  /home/runner/work/Beryllium/Beryllium/src/client/java/com/endiq/beryllium/mixin/text/FontSignTextLegacyMixin.java:5: error: package org.joml does not exist
  import org.joml.Matrix4f;
                 ^
  /home/runner/work/Beryllium/Beryllium/src/client/java/com/endiq/beryllium/mixin/text/FontSignTextMixin.java:6: error: package org.joml does not exist
  import org.joml.Matrix4f;
                 ^
  /home/runner/work/Beryllium/Beryllium/src/client/java/com/endiq/beryllium/ClientFrameHooks.java:18: error: package org.joml does not exist
  import org.joml.Vector3f;
                 ^
  30 errors

* Try:
> Check your code and dependencies to fix the compilation error(s)
> Run with --scan to get full insights from a Build Scan (powered by Develocity).

BUILD FAILED in 10s
2 actionable tasks: 2 executed
