## minecraft 1.21.1
## run 35354237991 attempt 1
## gradle exit: 1, validate exit: 1
## generated access widener header: MISSING
## packaged access widener header: 

To honour the JVM settings for this build a single-use Daemon process will be forked. For more on this, please refer to https://docs.gradle.org/9.5.1/userguide/gradle_daemon.html#sec:disabling_the_daemon in the Gradle documentation.
Daemon will be stopped at the end of the build 

> Configure project :
Fabric Loom: 1.17.21
Failed to parse fabric.mod.json: /home/runner/work/Beryllium/Beryllium/src/main/resources/fabric.mod.json

> Task :clean
> Task :compileJava
> Task :processResources
> Task :classes
> Task :compileClientJava
> Task :processClientResources
> Task :jar
> Task :processIncludeJars
> Task :clientClasses
> Task :compileTestJava NO-SOURCE
> Task :processTestResources NO-SOURCE
> Task :testClasses UP-TO-DATE
> Task :test NO-SOURCE
> Task :validateAccessWidener NO-SOURCE
> Task :check UP-TO-DATE

> Task :printBuildTarget
Beryllium target: Minecraft 1.21.1; full optimization set; remapped Loom pipeline; ViewArea=false, drawInBatch text hooks=true
Cannot remap setLevel(Lnet/minecraft/client/multiplayer/ClientLevel;)V because it does not exist in any of the targets [net/minecraft/client/Minecraft]
Cannot remap tick because it does not exist in any of the targets [net/minecraft/server/MinecraftServer]
Cannot remap tick because it does not exist in any of the targets [net/minecraft/server/MinecraftServer]
Cannot remap shouldShowName(Lnet/minecraft/world/entity/Entity;D)Z because it does not exist in any of the targets [net/minecraft/client/renderer/entity/EntityRenderer]
Cannot remap <init>(Lnet/minecraft/world/entity/Entity;Z)V because it does not exist in any of the targets [net/minecraft/world/phys/shapes/EntityCollisionContext]
Cannot remap <init>(Lnet/minecraft/world/entity/Entity;Z)V because it does not exist in any of the targets [net/minecraft/world/phys/shapes/EntityCollisionContext]
Cannot remap <init>(Lnet/minecraft/world/entity/Entity;Z)V because it does not exist in any of the targets [net/minecraft/world/phys/shapes/EntityCollisionContext]
Cannot remap getHeldItem because it does not exist in any of the targets [net/minecraft/world/phys/shapes/EntityCollisionContext]
Cannot remap drawInBatch(Lnet/minecraft/network/chat/Component;FFFFIZLcom/mojang/blaze3d/vertex/Matrix4f;Lnet/minecraft/client/renderer/MultiBufferSource;Lnet/minecraft/client/gui/Font$DisplayMode;II)I because it does not exist in any of the targets [net/minecraft/client/gui/Font]
Cannot remap drawInBatch(Lnet/minecraft/util/FormattedText;FFFFIZLcom/mojang/blaze3d/vertex/Matrix4f;Lnet/minecraft/client/renderer/MultiBufferSource;Lnet/minecraft/client/gui/Font$DisplayMode;II)I because it does not exist in any of the targets [net/minecraft/client/gui/Font]
Cannot remap drawInBatch(Ljava/lang/String;FFFFIZLcom/mojang/blaze3d/vertex/Matrix4f;Lnet/minecraft/client/renderer/MultiBufferSource;Lnet/minecraft/client/gui/Font$DisplayMode;II)I because it does not exist in any of the targets [net/minecraft/client/gui/Font]
Cannot remap tickEntities()V because it does not exist in any of the targets [net/minecraft/world/level/Level]
Cannot remap tickNonPassenger(Lnet/minecraft/world/entity/Entity;)V because it does not exist in any of the targets [net/minecraft/world/level/Level]
Cannot remap tickEntities()V because it does not exist in any of the targets [net/minecraft/world/level/Level]
Cannot remap drawInBatch(Lnet/minecraft/network/chat/Component;FFIZLorg/joml/Matrix4f;Lnet/minecraft/client/renderer/MultiBufferSource;Lnet/minecraft/client/gui/Font$DisplayMode;IIZ)I because it does not exist in any of the targets [net/minecraft/client/gui/Font]
Cannot remap drawInBatch(Ljava/lang/String;FFIZLorg/joml/Matrix4f;Lnet/minecraft/client/renderer/MultiBufferSource;Lnet/minecraft/client/gui/Font$DisplayMode;II)V because it does not exist in any of the targets [net/minecraft/client/gui/Font]
Cannot remap drawInBatch(Lnet/minecraft/network/chat/Component;FFIZLorg/joml/Matrix4f;Lnet/minecraft/client/renderer/MultiBufferSource;Lnet/minecraft/client/gui/Font$DisplayMode;II)V because it does not exist in any of the targets [net/minecraft/client/gui/Font]
Cannot remap drawInBatch(Lnet/minecraft/util/FormattedCharSequence;FFIZLorg/joml/Matrix4f;Lnet/minecraft/client/renderer/MultiBufferSource;Lnet/minecraft/client/gui/Font$DisplayMode;II)V because it does not exist in any of the targets [net/minecraft/client/gui/Font]

> Task :remapJar FAILED

[Incubating] Problems report is available at: file:///home/runner/work/Beryllium/Beryllium/build/reports/problems/problems-report.html

FAILURE: Build failed with an exception.

* What went wrong:
Execution failed for task ':remapJar' (registered by plugin 'fabric-loom').
> A failure occurred while executing net.fabricmc.loom.task.RemapJarTask$RemapAction
   > Failed to remap /home/runner/work/Beryllium/Beryllium/build/libs/beryllium-mc1.21.1-0.2.0+mc1.21.1.jar, java.io.UncheckedIOException: Could not find access widener file (beryllium.accesswidener) defined in the fabric.mod.json file of /tmp/loom-remapJar-18293509133952803172-input.jar

* Try:
> Run with --stacktrace option to get the stack trace.
> Run with --info or --debug option to get more log output.
> Run with --scan to get full insights from a Build Scan (powered by Develocity).
> Get more help at https://help.gradle.org.

Deprecated Gradle features were used in this build, making it incompatible with Gradle 10.

You can use '--warning-mode all' to show the individual deprecation warnings and determine if they come from your own scripts or plugins.

For more on this, please refer to https://docs.gradle.org/9.5.1/userguide/command_line_interface.html#sec:command_line_warnings in the Gradle documentation.

BUILD FAILED in 21s
9 actionable tasks: 9 executed
no non-sources jar found in build/libs
