## minecraft 1.20.1
## gradle exit: 1

To honour the JVM settings for this build a single-use Daemon process will be forked. For more on this, please refer to https://docs.gradle.org/9.5.1/userguide/gradle_daemon.html#sec:disabling_the_daemon in the Gradle documentation.
Daemon will be stopped at the end of the build 

> Configure project :
Fabric Loom: 1.17.21
Failed to parse fabric.mod.json: /home/runner/work/Beryllium/Beryllium/src/main/resources/fabric.mod.json

> Task :compileJava
/home/runner/work/Beryllium/Beryllium/src/main/java/com/endiq/beryllium/engine/voxelshape/VoxelShapeSimpleCube.java:33: error: VoxelShape(DiscreteVoxelShape) is not public in VoxelShape; cannot be accessed from outside package
        super(voxels);
        ^
/home/runner/work/Beryllium/Beryllium/src/main/java/com/endiq/beryllium/engine/voxelshape/VoxelShapeAlignedCuboid.java:138: error: CubePointRange(int) is not public in CubePointRange; cannot be accessed from outside package
            case X -> new CubePointRange(this.getXSegments());
                      ^
/home/runner/work/Beryllium/Beryllium/src/main/java/com/endiq/beryllium/engine/voxelshape/VoxelShapeAlignedCuboid.java:139: error: CubePointRange(int) is not public in CubePointRange; cannot be accessed from outside package
            case Y -> new CubePointRange(this.getYSegments());
                      ^
/home/runner/work/Beryllium/Beryllium/src/main/java/com/endiq/beryllium/engine/voxelshape/VoxelShapeAlignedCuboid.java:140: error: CubePointRange(int) is not public in CubePointRange; cannot be accessed from outside package
            case Z -> new CubePointRange(this.getZSegments());
                      ^
/home/runner/work/Beryllium/Beryllium/src/main/java/com/endiq/beryllium/engine/voxelshape/VoxelShapeMatchesAnywhere.java:71: error: getCoords(Axis) has protected access in VoxelShape
            DoubleList pointPositionsX = otherShape.getCoords(X);
                                                   ^
/home/runner/work/Beryllium/Beryllium/src/main/java/com/endiq/beryllium/engine/voxelshape/VoxelShapeMatchesAnywhere.java:72: error: getCoords(Axis) has protected access in VoxelShape
            DoubleList pointPositionsY = otherShape.getCoords(Y);
                                                   ^
/home/runner/work/Beryllium/Beryllium/src/main/java/com/endiq/beryllium/engine/voxelshape/VoxelShapeMatchesAnywhere.java:73: error: getCoords(Axis) has protected access in VoxelShape
            DoubleList pointPositionsZ = otherShape.getCoords(Z);
                                                   ^
/home/runner/work/Beryllium/Beryllium/src/main/java/com/endiq/beryllium/engine/voxelshape/VoxelShapeEmpty.java:24: error: VoxelShape(DiscreteVoxelShape) is not public in VoxelShape; cannot be accessed from outside package
        super(voxels);
        ^
/home/runner/work/Beryllium/Beryllium/src/main/java/com/endiq/beryllium/mixin/common/shapes/CubeVoxelShapeCacheMixin.java:28: error: CubePointRange(int) is not public in CubePointRange; cannot be accessed from outside package
            this.list[axis.ordinal()] = new CubePointRange(voxels.getSize(axis));
                                        ^
9 errors

> Task :compileJava FAILED

[Incubating] Problems report is available at: file:///home/runner/work/Beryllium/Beryllium/build/reports/problems/problems-report.html

FAILURE: Build failed with an exception.

* What went wrong:
Execution failed for task ':compileJava' (registered by plugin class 'org.gradle.api.plugins.JavaBasePlugin').
> Compilation failed; see the compiler output below.
  /home/runner/work/Beryllium/Beryllium/src/main/java/com/endiq/beryllium/engine/voxelshape/VoxelShapeMatchesAnywhere.java:71: error: getCoords(Axis) has protected access in VoxelShape
              DoubleList pointPositionsX = otherShape.getCoords(X);
                                                     ^
  /home/runner/work/Beryllium/Beryllium/src/main/java/com/endiq/beryllium/engine/voxelshape/VoxelShapeMatchesAnywhere.java:72: error: getCoords(Axis) has protected access in VoxelShape
              DoubleList pointPositionsY = otherShape.getCoords(Y);
                                                     ^
  /home/runner/work/Beryllium/Beryllium/src/main/java/com/endiq/beryllium/engine/voxelshape/VoxelShapeMatchesAnywhere.java:73: error: getCoords(Axis) has protected access in VoxelShape
              DoubleList pointPositionsZ = otherShape.getCoords(Z);
                                                     ^
  /home/runner/work/Beryllium/Beryllium/src/main/java/com/endiq/beryllium/engine/voxelshape/VoxelShapeSimpleCube.java:33: error: VoxelShape(DiscreteVoxelShape) is not public in VoxelShape; cannot be accessed from outside package
          super(voxels);
          ^
  /home/runner/work/Beryllium/Beryllium/src/main/java/com/endiq/beryllium/engine/voxelshape/VoxelShapeAlignedCuboid.java:138: error: CubePointRange(int) is not public in CubePointRange; cannot be accessed from outside package
              case X -> new CubePointRange(this.getXSegments());
                        ^
  /home/runner/work/Beryllium/Beryllium/src/main/java/com/endiq/beryllium/engine/voxelshape/VoxelShapeAlignedCuboid.java:139: error: CubePointRange(int) is not public in CubePointRange; cannot be accessed from outside package
              case Y -> new CubePointRange(this.getYSegments());
                        ^
  /home/runner/work/Beryllium/Beryllium/src/main/java/com/endiq/beryllium/engine/voxelshape/VoxelShapeAlignedCuboid.java:140: error: CubePointRange(int) is not public in CubePointRange; cannot be accessed from outside package
              case Z -> new CubePointRange(this.getZSegments());
                        ^
  /home/runner/work/Beryllium/Beryllium/src/main/java/com/endiq/beryllium/engine/voxelshape/VoxelShapeEmpty.java:24: error: VoxelShape(DiscreteVoxelShape) is not public in VoxelShape; cannot be accessed from outside package
          super(voxels);
          ^
  /home/runner/work/Beryllium/Beryllium/src/main/java/com/endiq/beryllium/mixin/common/shapes/CubeVoxelShapeCacheMixin.java:28: error: CubePointRange(int) is not public in CubePointRange; cannot be accessed from outside package
              this.list[axis.ordinal()] = new CubePointRange(voxels.getSize(axis));
                                          ^
  9 errors

* Try:
> Check your code and dependencies to fix the compilation error(s)
> Run with --scan to get full insights from a Build Scan (powered by Develocity).

BUILD FAILED in 11s
1 actionable task: 1 executed
