## minecraft 1.21.6
## commit: e2ec94a
## gradle exit: 1, validate exit: 1
## compile errors: 2
## access widener: accessWidener v1 named
## packaged widener: 
## validate output: no non-sources jar found in build/libs 

To honour the JVM settings for this build a single-use Daemon process will be forked. For more on this, please refer to https://docs.gradle.org/9.5.1/userguide/gradle_daemon.html#sec:disabling_the_daemon in the Gradle documentation.
Daemon will be stopped at the end of the build 

> Configure project :
Fabric Loom: 1.17.21
Failed to parse fabric.mod.json: /home/runner/work/Beryllium/Beryllium/src/main/resources/fabric.mod.json

> Task :clean
> Task :compileJava
> Task :processResources
> Task :classes

> Task :compileClientJava FAILED
/home/runner/work/Beryllium/Beryllium/src/client/java/com/endiq/beryllium/mixin/optimization/VboPoolMixin.java:23: error: incompatible types: Integer cannot be converted to CAP#1
        if (pooled != null) cir.setReturnValue(pooled);
                                               ^
  where CAP#1 is a fresh type-variable:
    CAP#1 extends Object from capture of ?
Note: Some messages have been simplified; recompile with -Xdiags:verbose to get full output
1 error

[Incubating] Problems report is available at: file:///home/runner/work/Beryllium/Beryllium/build/reports/problems/problems-report.html

FAILURE: Build failed with an exception.

* What went wrong:
Execution failed for task ':compileClientJava' (registered by plugin class 'org.gradle.api.plugins.JavaBasePlugin').
> Compilation failed; see the compiler output below.
  /home/runner/work/Beryllium/Beryllium/src/client/java/com/endiq/beryllium/mixin/optimization/VboPoolMixin.java:23: error: incompatible types: Integer cannot be converted to CAP#1
          if (pooled != null) cir.setReturnValue(pooled);
                                                 ^
    where CAP#1 is a fresh type-variable:
      CAP#1 extends Object from capture of ?
  Note: Some messages have been simplified; recompile with -Xdiags:verbose to get full output
  1 error

* Try:
> Check your code and dependencies to fix the compilation error(s)
> Run with --scan to get full insights from a Build Scan (powered by Develocity).

Deprecated Gradle features were used in this build, making it incompatible with Gradle 10.

You can use '--warning-mode all' to show the individual deprecation warnings and determine if they come from your own scripts or plugins.

For more on this, please refer to https://docs.gradle.org/9.5.1/userguide/command_line_interface.html#sec:command_line_warnings in the Gradle documentation.

BUILD FAILED in 14s
4 actionable tasks: 4 executed
