## minecraft 1.21
## commit: e1f7a16
## gradle exit: 0, validate exit: 0
## compile errors: 0
## access widener: accessWidener v1 named
## packaged widener: accessWidener	v1	intermediary
## validate output: validated 1 artifact(s) pinned to Minecraft 1.21 

To honour the JVM settings for this build a single-use Daemon process will be forked. For more on this, please refer to https://docs.gradle.org/9.5.1/userguide/gradle_daemon.html#sec:disabling_the_daemon in the Gradle documentation.
Daemon will be stopped at the end of the build 

> Configure project :
Fabric Loom: 1.17.21
Failed to parse fabric.mod.json: /home/runner/work/Beryllium/Beryllium/src/main/resources/fabric.mod.json

> Task :clean
> Task :compileJava
> Task :processResources
> Task :classes
> Task :compileClientJava
> Task :processClientResources
> Task :jar
> Task :processIncludeJars
> Task :clientClasses
> Task :compileTestJava NO-SOURCE
> Task :processTestResources NO-SOURCE
> Task :testClasses UP-TO-DATE
> Task :test NO-SOURCE
> Task :validateAccessWidener
> Task :check

> Task :printBuildTarget
Beryllium target: Minecraft 1.21; full optimization set; remapped Loom pipeline; ViewArea=false, drawInBatch text hooks=true; extract render state=false, moved chat types=false; excluded mixins=chat.ChatUnsignedIconModernMixin,chunk.ViewAreaMixin,render.BlockEntityExtractMixin
Cannot remap extractTitle because it does not exist in any of the targets [net/minecraft/client/gui/Gui]
Cannot remap extractTitle because it does not exist in any of the targets [net/minecraft/client/gui/Gui]
Cannot remap extractTitle because it does not exist in any of the targets [net/minecraft/client/gui/Gui]
Cannot remap extractTitle because it does not exist in any of the targets [net/minecraft/client/gui/Gui]
Cannot remap extract because it does not exist in any of the targets [net/minecraft/client/particle/ParticleEngine]
Cannot remap drawInBatch(Lnet/minecraft/network/chat/Component;FFIZLorg/joml/Matrix4f;Lnet/minecraft/client/renderer/MultiBufferSource;ZII)I because it does not exist in any of the targets [net/minecraft/client/gui/Font]
Cannot remap createWorldSessionEventSender because it does not exist in any of the targets [net/minecraft/client/telemetry/ClientTelemetryManager]
Cannot remap drawInBatch(Ljava/lang/String;FFIZLorg/joml/Matrix4f;Lnet/minecraft/client/renderer/MultiBufferSource;ZII)I because it does not exist in any of the targets [net/minecraft/client/gui/Font]
Cannot remap addMessage(Lnet/minecraft/network/chat/Component;Lnet/minecraft/network/chat/MessageSignature;ILnet/minecraft/client/GuiMessageTag;Z)V because it does not exist in any of the targets [net/minecraft/client/gui/components/ChatComponent]
Cannot remap addMessage(Lnet/minecraft/network/chat/Component;Lnet/minecraft/network/chat/MessageSignature;Lnet/minecraft/client/multiplayer/chat/GuiMessageSource;Lnet/minecraft/client/multiplayer/chat/GuiMessageTag;)V because it does not exist in any of the targets [net/minecraft/client/gui/components/ChatComponent]
Cannot remap addMessage(Lnet/minecraft/network/chat/Component;Lnet/minecraft/network/chat/MessageSignature;ILnet/minecraft/client/GuiMessageTag;Z)V because it does not exist in any of the targets [net/minecraft/client/gui/components/ChatComponent]
Cannot remap addMessage(Lnet/minecraft/network/chat/Component;Lnet/minecraft/network/chat/MessageSignature;Lnet/minecraft/client/multiplayer/chat/GuiMessageSource;Lnet/minecraft/client/multiplayer/chat/GuiMessageTag;)V because it does not exist in any of the targets [net/minecraft/client/gui/components/ChatComponent]
Cannot remap refreshTrimmedMessage because it does not exist in any of the targets [net/minecraft/client/gui/components/ChatComponent]
Cannot remap tick because it does not exist in any of the targets [net/minecraft/server/MinecraftServer]
Cannot remap tick because it does not exist in any of the targets [net/minecraft/server/MinecraftServer]
Cannot remap setLevel(Lnet/minecraft/client/multiplayer/ClientLevel;)V because it does not exist in any of the targets [net/minecraft/client/Minecraft]
Cannot remap <init>(Lnet/minecraft/world/entity/Entity;Z)V because it does not exist in any of the targets [net/minecraft/world/phys/shapes/EntityCollisionContext]
Cannot remap <init>(Lnet/minecraft/world/entity/Entity;Z)V because it does not exist in any of the targets [net/minecraft/world/phys/shapes/EntityCollisionContext]
Cannot remap <init>(Lnet/minecraft/world/entity/Entity;Z)V because it does not exist in any of the targets [net/minecraft/world/phys/shapes/EntityCollisionContext]
Cannot remap getHeldItem because it does not exist in any of the targets [net/minecraft/world/phys/shapes/EntityCollisionContext]
Cannot remap getTooltipLines(Lnet/minecraft/world/entity/player/Player;Lnet/minecraft/world/item/TooltipFlag;)Ljava/util/List; because it does not exist in any of the targets [net/minecraft/world/item/ItemStack]
Cannot remap shouldShowName(Lnet/minecraft/world/entity/Entity;D)Z because it does not exist in any of the targets [net/minecraft/client/renderer/entity/EntityRenderer]
Cannot remap handlePortalTransitionEffect because it does not exist in any of the targets [net/minecraft/client/player/LocalPlayer]
Cannot remap handleNetherPortalClient because it does not exist in any of the targets [net/minecraft/client/player/LocalPlayer]
Cannot remap drawInBatch(Lnet/minecraft/network/chat/Component;FFFFIZLcom/mojang/blaze3d/vertex/Matrix4f;Lnet/minecraft/client/renderer/MultiBufferSource;Lnet/minecraft/client/gui/Font$DisplayMode;II)I because it does not exist in any of the targets [net/minecraft/client/gui/Font]
Cannot remap drawInBatch(Lnet/minecraft/util/FormattedText;FFFFIZLcom/mojang/blaze3d/vertex/Matrix4f;Lnet/minecraft/client/renderer/MultiBufferSource;Lnet/minecraft/client/gui/Font$DisplayMode;II)I because it does not exist in any of the targets [net/minecraft/client/gui/Font]
Cannot remap drawInBatch(Ljava/lang/String;FFFFIZLcom/mojang/blaze3d/vertex/Matrix4f;Lnet/minecraft/client/renderer/MultiBufferSource;Lnet/minecraft/client/gui/Font$DisplayMode;II)I because it does not exist in any of the targets [net/minecraft/client/gui/Font]
Cannot remap handlePortalTransitionEffect because it does not exist in any of the targets [net/minecraft/client/player/LocalPlayer]
Cannot remap extractRenderState because it does not exist in any of the targets [net/minecraft/client/gui/screens/LoadingOverlay]
Cannot remap isReadyToFadeOut because it does not exist in any of the targets [net/minecraft/client/gui/screens/LoadingOverlay]
Cannot remap extractRenderState because it does not exist in any of the targets [net/minecraft/client/gui/screens/LoadingOverlay]
Cannot remap addMessage(Lnet/minecraft/network/chat/Component;Lnet/minecraft/network/chat/MessageSignature;ILnet/minecraft/client/GuiMessageTag;Z)V because it does not exist in any of the targets [net/minecraft/client/gui/components/ChatComponent]
Cannot remap addMessage(Lnet/minecraft/network/chat/Component;Lnet/minecraft/network/chat/MessageSignature;Lnet/minecraft/client/multiplayer/chat/GuiMessageSource;Lnet/minecraft/client/multiplayer/chat/GuiMessageTag;)V because it does not exist in any of the targets [net/minecraft/client/gui/components/ChatComponent]
Cannot remap tickEntities()V because it does not exist in any of the targets [net/minecraft/world/level/Level]
Cannot remap tickNonPassenger(Lnet/minecraft/world/entity/Entity;)V because it does not exist in any of the targets [net/minecraft/world/level/Level]
Cannot remap tickEntities()V because it does not exist in any of the targets [net/minecraft/world/level/Level]
Cannot remap drawInBatch(Lnet/minecraft/network/chat/Component;FFIZLorg/joml/Matrix4f;Lnet/minecraft/client/renderer/MultiBufferSource;Lnet/minecraft/client/gui/Font$DisplayMode;IIZ)I because it does not exist in any of the targets [net/minecraft/client/gui/Font]
Cannot remap drawInBatch(Ljava/lang/String;FFIZLorg/joml/Matrix4f;Lnet/minecraft/client/renderer/MultiBufferSource;Lnet/minecraft/client/gui/Font$DisplayMode;II)V because it does not exist in any of the targets [net/minecraft/client/gui/Font]
Cannot remap drawInBatch(Lnet/minecraft/network/chat/Component;FFIZLorg/joml/Matrix4f;Lnet/minecraft/client/renderer/MultiBufferSource;Lnet/minecraft/client/gui/Font$DisplayMode;II)V because it does not exist in any of the targets [net/minecraft/client/gui/Font]
Cannot remap drawInBatch(Lnet/minecraft/util/FormattedCharSequence;FFIZLorg/joml/Matrix4f;Lnet/minecraft/client/renderer/MultiBufferSource;Lnet/minecraft/client/gui/Font$DisplayMode;II)V because it does not exist in any of the targets [net/minecraft/client/gui/Font]

> Task :remapJar
> Task :remapSourcesJar SKIPPED
> Task :assemble
> Task :build

[Incubating] Problems report is available at: file:///home/runner/work/Beryllium/Beryllium/build/reports/problems/problems-report.html

Deprecated Gradle features were used in this build, making it incompatible with Gradle 10.

You can use '--warning-mode all' to show the individual deprecation warnings and determine if they come from your own scripts or plugins.

For more on this, please refer to https://docs.gradle.org/9.5.1/userguide/command_line_interface.html#sec:command_line_warnings in the Gradle documentation.

BUILD SUCCESSFUL in 12s
10 actionable tasks: 10 executed
