## minecraft 1.20.4
## commit: 16fb1f6
## gradle exit: 0, validate exit: 1
## compile errors: 0
## access widener: accessWidener v1 named
## packaged widener: accessWidener	v1	intermediary
## validate output: build/libs/beryllium-mc1.20.4-0.2.0+mc1.20.4.jar: expected fabric.mod.json minecraft dependency '1.20.4', got '>=1.17' 

To honour the JVM settings for this build a single-use Daemon process will be forked. For more on this, please refer to https://docs.gradle.org/9.5.1/userguide/gradle_daemon.html#sec:disabling_the_daemon in the Gradle documentation.
Daemon will be stopped at the end of the build 

> Configure project :
Fabric Loom: 1.17.21
Failed to parse fabric.mod.json: /home/runner/work/Beryllium/Beryllium/src/main/resources/fabric.mod.json

> Task :clean
> Task :compileJava
> Task :processResources
> Task :classes
> Task :compileClientJava
> Task :processClientResources
> Task :jar
> Task :processIncludeJars
> Task :clientClasses
> Task :compileTestJava NO-SOURCE
> Task :processTestResources NO-SOURCE
> Task :testClasses UP-TO-DATE
> Task :test NO-SOURCE
> Task :validateAccessWidener
> Task :check

> Task :printBuildTarget
Beryllium target: Minecraft 1.20.4; full optimization set; remapped Loom pipeline; ViewArea=false, drawInBatch text hooks=true; extract render state=false, moved chat types=false; excluded mixins=chat.ChatUnsignedIconModernMixin,chunk.ViewAreaMixin,render.BlockEntityExtractMixin
Cannot remap tick because it does not exist in any of the targets [net/minecraft/client/renderer/debug/DebugRenderer, net/minecraft/client/renderer/debug/BeeDebugRenderer, net/minecraft/client/renderer/debug/GameEventListenerRenderer, net/minecraft/client/renderer/debug/VillageSectionsDebugRenderer, net/minecraft/client/renderer/debug/GameTestDebugRenderer]
Cannot remap renderBee because it does not exist in any of the targets [net/minecraft/client/renderer/debug/DebugRenderer, net/minecraft/client/renderer/debug/BeeDebugRenderer, net/minecraft/client/renderer/debug/GameEventListenerRenderer, net/minecraft/client/renderer/debug/VillageSectionsDebugRenderer, net/minecraft/client/renderer/debug/GameTestDebugRenderer]
Cannot remap renderVillageSections because it does not exist in any of the targets [net/minecraft/client/renderer/debug/DebugRenderer, net/minecraft/client/renderer/debug/BeeDebugRenderer, net/minecraft/client/renderer/debug/GameEventListenerRenderer, net/minecraft/client/renderer/debug/VillageSectionsDebugRenderer, net/minecraft/client/renderer/debug/GameTestDebugRenderer]
Cannot remap isBoxInFrustum because it does not exist in any of the targets [net/minecraft/client/renderer/culling/Frustum, net/minecraft/client/renderer/LevelRenderer]
Cannot remap renderWeather because it does not exist in any of the targets [net/minecraft/client/renderer/culling/Frustum, net/minecraft/client/renderer/LevelRenderer]
Cannot remap mayPlace because it does not exist in any of the targets [net/minecraft/world/item/EndCrystalItem, net/minecraft/world/entity/boss/enderdragon/EndCrystal, net/minecraft/client/multiplayer/ClientPacketListener, net/minecraft/server/level/ServerPlayerGameMode, net/minecraft/world/level/block/state/BlockBehaviour]
Cannot remap canPlaceCrystal because it does not exist in any of the targets [net/minecraft/world/item/EndCrystalItem, net/minecraft/world/entity/boss/enderdragon/EndCrystal, net/minecraft/client/multiplayer/ClientPacketListener, net/minecraft/server/level/ServerPlayerGameMode, net/minecraft/world/level/block/state/BlockBehaviour]
Cannot remap build because it does not exist in any of the targets [net/minecraft/client/renderer/SectionBufferBuilderPack, net/minecraft/client/renderer/chunk/SectionRenderDispatcher]
Cannot remap rebuild because it does not exist in any of the targets [net/minecraft/client/renderer/SectionBufferBuilderPack, net/minecraft/client/renderer/chunk/SectionRenderDispatcher]
Cannot remap compile because it does not exist in any of the targets [net/minecraft/client/renderer/SectionBufferBuilderPack, net/minecraft/client/renderer/chunk/SectionRenderDispatcher]
Cannot remap renderTitle because it does not exist in any of the targets [net/minecraft/client/gui/Gui]
Cannot remap extractTitle because it does not exist in any of the targets [net/minecraft/client/gui/Gui]
Cannot remap renderTitle because it does not exist in any of the targets [net/minecraft/client/gui/Gui]
Cannot remap extractTitle because it does not exist in any of the targets [net/minecraft/client/gui/Gui]
Cannot remap renderTitle because it does not exist in any of the targets [net/minecraft/client/gui/Gui]
Cannot remap extractTitle because it does not exist in any of the targets [net/minecraft/client/gui/Gui]
Cannot remap onHit because it does not exist in any of the targets [net/minecraft/world/item/EndCrystalItem, net/minecraft/world/entity/boss/enderdragon/EndCrystal, net/minecraft/client/multiplayer/ClientPacketListener, net/minecraft/server/level/ServerPlayerGameMode, net/minecraft/world/level/block/state/BlockBehaviour]
Cannot remap handleInteraction because it does not exist in any of the targets [net/minecraft/world/item/EndCrystalItem, net/minecraft/world/entity/boss/enderdragon/EndCrystal, net/minecraft/client/multiplayer/ClientPacketListener, net/minecraft/server/level/ServerPlayerGameMode, net/minecraft/world/level/block/state/BlockBehaviour]
Cannot remap compress because it does not exist in any of the targets [net/minecraft/network/protocol/game/ClientboundLevelChunkWithLightPacket, net/minecraft/network/Connection, net/minecraft/network/FriendlyByteBuf, net/minecraft/nbt/CompoundTag, net/minecraft/network/PacketEncoder, net/minecraft/network/PacketDecoder]
Cannot remap read because it does not exist in any of the targets [net/minecraft/network/protocol/game/ClientboundLevelChunkWithLightPacket, net/minecraft/network/Connection, net/minecraft/network/FriendlyByteBuf, net/minecraft/nbt/CompoundTag, net/minecraft/network/PacketEncoder, net/minecraft/network/PacketDecoder]
Cannot remap renderTitle because it does not exist in any of the targets [net/minecraft/client/gui/Gui]
Cannot remap extractTitle because it does not exist in any of the targets [net/minecraft/client/gui/Gui]
Cannot remap decompress because it does not exist in any of the targets [net/minecraft/network/protocol/game/ClientboundLevelChunkWithLightPacket, net/minecraft/network/Connection, net/minecraft/network/FriendlyByteBuf, net/minecraft/nbt/CompoundTag, net/minecraft/network/PacketEncoder, net/minecraft/network/PacketDecoder]
Cannot remap fromNetwork because it does not exist in any of the targets [net/minecraft/world/item/crafting/ShapedRecipe, net/minecraft/world/item/crafting/ShapelessRecipe, net/minecraft/world/item/crafting/RecipeManager]
Cannot remap fromJson(Lcom/google/gson/JsonObject;)Lnet/minecraft/world/item/crafting/ShapedRecipe; because it does not exist in any of the targets [net/minecraft/world/item/crafting/ShapedRecipe, net/minecraft/world/item/crafting/ShapelessRecipe, net/minecraft/world/item/crafting/RecipeManager]
Cannot remap fromJson(Lcom/google/gson/JsonObject;)Lnet/minecraft/world/item/crafting/ShapelessRecipe; because it does not exist in any of the targets [net/minecraft/world/item/crafting/ShapedRecipe, net/minecraft/world/item/crafting/ShapelessRecipe, net/minecraft/world/item/crafting/RecipeManager]
Cannot remap replaceInput because it does not exist in any of the targets [net/minecraft/world/item/crafting/ShapedRecipe, net/minecraft/world/item/crafting/ShapelessRecipe, net/minecraft/world/item/crafting/RecipeManager]
Cannot remap render(Lnet/minecraft/world/level/block/entity/ChestBlockEntity;FLcom/mojang/blaze3d/vertex/PoseStack;Lnet/minecraft/client/renderer/MultiBufferSource;II)V because it does not exist in any of the targets [net/minecraft/client/renderer/blockentity/ChestRenderer]
Cannot remap render(Lnet/minecraft/world/level/block/entity/EnderChestBlockEntity;FLcom/mojang/blaze3d/vertex/PoseStack;Lnet/minecraft/client/renderer/MultiBufferSource;II)V because it does not exist in any of the targets [net/minecraft/client/renderer/blockentity/ChestRenderer]
Cannot remap pollEvents because it does not exist in any of the targets [net/minecraft/client/Minecraft, com/mojang/blaze3d/platform/Window]
Cannot remap handleEvents because it does not exist in any of the targets [net/minecraft/client/Minecraft, com/mojang/blaze3d/platform/Window]
Cannot remap getRawInput because it does not exist in any of the targets [net/minecraft/client/Minecraft, com/mojang/blaze3d/platform/Window]
Cannot remap pollRawInput because it does not exist in any of the targets [net/minecraft/client/Minecraft, com/mojang/blaze3d/platform/Window]
Cannot remap extract because it does not exist in any of the targets [net/minecraft/client/particle/ParticleEngine]
Cannot remap updateSurroundingRedstone because it does not exist in any of the targets [net/minecraft/world/level/block/RedStoneWireBlock]
Cannot remap getPower because it does not exist in any of the targets [net/minecraft/world/level/block/RedStoneWireBlock]
Cannot remap parseAddress because it does not exist in any of the targets [net/minecraft/client/multiplayer/resolver/ServerAddress]
Cannot remap getByName because it does not exist in any of the targets [net/minecraft/client/multiplayer/resolver/ServerAddress]
Cannot remap getProperty because it does not exist in any of the targets [net/minecraft/Util]
Cannot remap getProperties because it does not exist in any of the targets [net/minecraft/Util]
Cannot remap createWorldSessionEventSender because it does not exist in any of the targets [net/minecraft/client/telemetry/ClientTelemetryManager]
Cannot remap drawInBatch(Lnet/minecraft/network/chat/Component;FFIZLorg/joml/Matrix4f;Lnet/minecraft/client/renderer/MultiBufferSource;ZII)I because it does not exist in any of the targets [net/minecraft/client/gui/Font]
Cannot remap addMessage(Lnet/minecraft/network/chat/Component;Lnet/minecraft/network/chat/MessageSignature;Lnet/minecraft/client/multiplayer/chat/GuiMessageSource;Lnet/minecraft/client/multiplayer/chat/GuiMessageTag;)V because it does not exist in any of the targets [net/minecraft/client/gui/components/ChatComponent]
Cannot remap updateLightmap because it does not exist in any of the targets [net/minecraft/client/renderer/GameRenderer, net/minecraft/client/renderer/LightTexture]
Cannot remap update because it does not exist in any of the targets [net/minecraft/client/renderer/GameRenderer, net/minecraft/client/renderer/LightTexture]
Cannot remap addMessage(Lnet/minecraft/network/chat/Component;Lnet/minecraft/network/chat/MessageSignature;Lnet/minecraft/client/multiplayer/chat/GuiMessageSource;Lnet/minecraft/client/multiplayer/chat/GuiMessageTag;)V because it does not exist in any of the targets [net/minecraft/client/gui/components/ChatComponent]
Cannot remap addMessageToQueue because it does not exist in any of the targets [net/minecraft/client/gui/components/ChatComponent]
Cannot remap addMessageToDisplayQueue because it does not exist in any of the targets [net/minecraft/client/gui/components/ChatComponent]
Cannot remap refreshTrimmedMessages because it does not exist in any of the targets [net/minecraft/client/gui/components/ChatComponent]
Cannot remap drawInBatch(Ljava/lang/String;FFIZLorg/joml/Matrix4f;Lnet/minecraft/client/renderer/MultiBufferSource;ZII)I because it does not exist in any of the targets [net/minecraft/client/gui/Font]
Cannot remap getTooltipLines(Lnet/minecraft/world/item/Item$TooltipContext;Lnet/minecraft/world/entity/player/Player;Lnet/minecraft/world/item/TooltipFlag;)Ljava/util/List; because it does not exist in any of the targets [net/minecraft/world/item/ItemStack]
Cannot remap tick because it does not exist in any of the targets [net/minecraft/server/MinecraftServer]
Cannot remap tick because it does not exist in any of the targets [net/minecraft/server/MinecraftServer]
Cannot remap getUniformLocation because it does not exist in any of the targets [net/minecraft/client/renderer/ShaderInstance, com/mojang/blaze3d/shaders/Program]
Cannot remap getUniformLocation because it does not exist in any of the targets [net/minecraft/client/renderer/ShaderInstance, com/mojang/blaze3d/shaders/Program]
Cannot remap render because it does not exist in any of the targets [net/minecraft/client/renderer/LevelRenderer, net/minecraft/client/renderer/chunk/SectionRenderDispatcher, net/minecraft/client/renderer/ViewArea]
Cannot remap rebuildChunk because it does not exist in any of the targets [net/minecraft/client/renderer/LevelRenderer, net/minecraft/client/renderer/chunk/SectionRenderDispatcher, net/minecraft/client/renderer/ViewArea]
Cannot remap rebuild because it does not exist in any of the targets [net/minecraft/client/renderer/LevelRenderer, net/minecraft/client/renderer/chunk/SectionRenderDispatcher, net/minecraft/client/renderer/ViewArea]
Cannot remap getUvz because it does not exist in any of the targets [net/minecraft/client/renderer/texture/TextureAtlasSprite, net/minecraft/client/resources/model/ModelBakery, net/minecraft/client/renderer/block/model/ItemModelGenerator]
Cannot remap compile because it does not exist in any of the targets [net/minecraft/client/renderer/LevelRenderer, net/minecraft/client/renderer/chunk/SectionRenderDispatcher, net/minecraft/client/renderer/ViewArea]
Cannot remap build because it does not exist in any of the targets [net/minecraft/client/renderer/LevelRenderer, net/minecraft/client/renderer/chunk/SectionRenderDispatcher, net/minecraft/client/renderer/ViewArea]
Cannot remap update because it does not exist in any of the targets [net/minecraft/client/renderer/LevelRenderer, net/minecraft/client/renderer/chunk/SectionRenderDispatcher, net/minecraft/client/renderer/ViewArea]
Cannot remap processSprite because it does not exist in any of the targets [net/minecraft/client/renderer/texture/TextureAtlasSprite, net/minecraft/client/resources/model/ModelBakery, net/minecraft/client/renderer/block/model/ItemModelGenerator]
Cannot remap createModelElements because it does not exist in any of the targets [net/minecraft/client/renderer/texture/TextureAtlasSprite, net/minecraft/client/resources/model/ModelBakery, net/minecraft/client/renderer/block/model/ItemModelGenerator]
Cannot remap shouldCull because it does not exist in any of the targets [net/minecraft/client/renderer/LevelRenderer, net/minecraft/client/renderer/chunk/SectionRenderDispatcher, net/minecraft/client/renderer/ViewArea]
Cannot remap isSectionVisible because it does not exist in any of the targets [net/minecraft/client/renderer/LevelRenderer, net/minecraft/client/renderer/chunk/SectionRenderDispatcher, net/minecraft/client/renderer/ViewArea]
Cannot remap isVisible because it does not exist in any of the targets [net/minecraft/client/renderer/LevelRenderer, net/minecraft/client/renderer/chunk/SectionRenderDispatcher, net/minecraft/client/renderer/ViewArea]
Cannot remap cull because it does not exist in any of the targets [net/minecraft/client/renderer/LevelRenderer, net/minecraft/client/renderer/chunk/SectionRenderDispatcher, net/minecraft/client/renderer/ViewArea]
Cannot remap renderChunk because it does not exist in any of the targets [net/minecraft/client/renderer/LevelRenderer, net/minecraft/client/renderer/chunk/SectionRenderDispatcher, net/minecraft/client/renderer/ViewArea]
Cannot remap renderSection because it does not exist in any of the targets [net/minecraft/client/renderer/LevelRenderer, net/minecraft/client/renderer/chunk/SectionRenderDispatcher, net/minecraft/client/renderer/ViewArea]
Cannot remap renderVertexArray because it does not exist in any of the targets [net/minecraft/client/renderer/LevelRenderer, net/minecraft/client/renderer/chunk/SectionRenderDispatcher, net/minecraft/client/renderer/ViewArea]
Cannot remap upload because it does not exist in any of the targets [net/minecraft/client/renderer/LevelRenderer]
Cannot remap uploadSectionLayer because it does not exist in any of the targets [net/minecraft/client/renderer/LevelRenderer]
Cannot remap getSkyColor because it does not exist in any of the targets [net/minecraft/client/renderer/LevelRenderer, net/minecraft/client/renderer/DimensionSpecialEffects, net/minecraft/world/level/biome/BiomeManager]
Cannot remap getRandom because it does not exist in any of the targets [net/minecraft/world/level/levelgen/synth/PerlinNoise, net/minecraft/world/level/levelgen/synth/ImprovedNoise, net/minecraft/util/RandomSource, net/minecraft/world/phys/AABB]
Cannot remap getSkyColorWithCubicSampler because it does not exist in any of the targets [net/minecraft/client/renderer/LevelRenderer, net/minecraft/client/renderer/DimensionSpecialEffects, net/minecraft/world/level/biome/BiomeManager]
Cannot remap getSkyDarken because it does not exist in any of the targets [net/minecraft/client/renderer/LevelRenderer, net/minecraft/client/renderer/DimensionSpecialEffects, net/minecraft/world/level/biome/BiomeManager]
Cannot remap getSkyColor because it does not exist in any of the targets [net/minecraft/client/renderer/LevelRenderer, net/minecraft/client/renderer/DimensionSpecialEffects, net/minecraft/world/level/biome/BiomeManager]
Cannot remap getSkyColorWithCubicSampler because it does not exist in any of the targets [net/minecraft/client/renderer/LevelRenderer, net/minecraft/client/renderer/DimensionSpecialEffects, net/minecraft/world/level/biome/BiomeManager]
Cannot remap <init>(Lnet/minecraft/world/entity/Entity;Z)V because it does not exist in any of the targets [net/minecraft/world/phys/shapes/EntityCollisionContext]
Cannot remap <init>(Lnet/minecraft/world/entity/Entity;Z)V because it does not exist in any of the targets [net/minecraft/world/phys/shapes/EntityCollisionContext]
Cannot remap <init>(Lnet/minecraft/world/entity/Entity;Z)V because it does not exist in any of the targets [net/minecraft/world/phys/shapes/EntityCollisionContext]
Cannot remap getHeldItem because it does not exist in any of the targets [net/minecraft/world/phys/shapes/EntityCollisionContext]
Cannot remap build because it does not exist in any of the targets [net/minecraft/server/level/ServerChunkCache, net/minecraft/world/level/chunk/ChunkGenerator]
Cannot remap canStandOnFluid(Lnet/minecraft/world/level/material/Fluid;Lnet/minecraft/world/level/material/Fluid;)Z because it does not exist in any of the targets [net/minecraft/world/phys/shapes/EntityCollisionContext]
Cannot remap getRandomPosWithinLevel because it does not exist in any of the targets [net/minecraft/world/level/NaturalSpawner, net/minecraft/world/level/levelgen/structure/templatesystem/StructureTemplate, net/minecraft/world/entity/MobCategory, net/minecraft/server/level/ServerLevel]
Cannot remap shouldShowName(Lnet/minecraft/world/entity/Entity;D)Z because it does not exist in any of the targets [net/minecraft/client/renderer/entity/EntityRenderer]
Cannot remap spawnParticle because it does not exist in any of the targets [net/minecraft/client/particle/ParticleEngine, net/minecraft/world/level/Level]
Cannot remap addParticleInternal because it does not exist in any of the targets [net/minecraft/client/particle/ParticleEngine, net/minecraft/world/level/Level]
Cannot remap checkSpawnRules because it does not exist in any of the targets [net/minecraft/world/level/NaturalSpawner, net/minecraft/world/level/levelgen/structure/templatesystem/StructureTemplate, net/minecraft/world/entity/MobCategory, net/minecraft/server/level/ServerLevel]
Cannot remap load because it does not exist in any of the targets [net/minecraft/nbt/CompoundTag, net/minecraft/nbt/ListTag, net/minecraft/nbt/NbtIo, net/minecraft/nbt/NbtAccounter]
Cannot remap init because it does not exist in any of the targets [net/minecraft/client/Minecraft, net/minecraft/client/main/Main, net/minecraft/client/renderer/texture/TextureManager]
Cannot remap load because it does not exist in any of the targets [net/minecraft/nbt/CompoundTag, net/minecraft/nbt/ListTag, net/minecraft/nbt/NbtIo, net/minecraft/nbt/NbtAccounter]
Cannot remap drawInBatch(Lnet/minecraft/network/chat/Component;FFFFIZLcom/mojang/blaze3d/vertex/Matrix4f;Lnet/minecraft/client/renderer/MultiBufferSource;Lnet/minecraft/client/gui/Font$DisplayMode;II)I because it does not exist in any of the targets [net/minecraft/client/gui/Font]
Cannot remap handlePortalTransitionEffect because it does not exist in any of the targets [net/minecraft/client/player/LocalPlayer]
Cannot remap handleConfusionTransitionEffect because it does not exist in any of the targets [net/minecraft/client/player/LocalPlayer]
Cannot remap handlePortalTransitionEffect because it does not exist in any of the targets [net/minecraft/client/player/LocalPlayer]
Cannot remap extractRenderState because it does not exist in any of the targets [net/minecraft/client/gui/screens/LoadingOverlay]
Cannot remap isReadyToFadeOut because it does not exist in any of the targets [net/minecraft/client/gui/screens/LoadingOverlay]
Cannot remap extractRenderState because it does not exist in any of the targets [net/minecraft/client/gui/screens/LoadingOverlay]
Cannot remap drawInBatch(Lnet/minecraft/util/FormattedText;FFFFIZLcom/mojang/blaze3d/vertex/Matrix4f;Lnet/minecraft/client/renderer/MultiBufferSource;Lnet/minecraft/client/gui/Font$DisplayMode;II)I because it does not exist in any of the targets [net/minecraft/client/gui/Font]
Cannot remap drawInBatch(Ljava/lang/String;FFFFIZLcom/mojang/blaze3d/vertex/Matrix4f;Lnet/minecraft/client/renderer/MultiBufferSource;Lnet/minecraft/client/gui/Font$DisplayMode;II)I because it does not exist in any of the targets [net/minecraft/client/gui/Font]
Cannot remap parse because it does not exist in any of the targets [net/minecraft/resources/ResourceLocation, net/minecraft/resources/ResourceKey, net/minecraft/client/renderer/block/ModelBlockRenderer]
Cannot remap load because it does not exist in any of the targets [net/minecraft/tags/TagManager, net/minecraft/core/Registry, net/minecraft/nbt/TagParser]
Cannot remap getTagOrThrow because it does not exist in any of the targets [net/minecraft/tags/TagManager, net/minecraft/core/Registry, net/minecraft/nbt/TagParser]
Cannot remap sendChunk because it does not exist in any of the targets [net/minecraft/server/level/ServerChunkCache, net/minecraft/server/level/ChunkMap, net/minecraft/server/network/ServerGamePacketListenerImpl]
Cannot remap sendLevelChunk because it does not exist in any of the targets [net/minecraft/server/level/ServerChunkCache, net/minecraft/server/level/ChunkMap, net/minecraft/server/network/ServerGamePacketListenerImpl]
Cannot remap sendAllChunks because it does not exist in any of the targets [net/minecraft/server/level/ServerChunkCache, net/minecraft/server/level/ChunkMap, net/minecraft/server/network/ServerGamePacketListenerImpl]
Cannot remap upload because it does not exist in any of the targets [com/mojang/blaze3d/vertex/BufferBuilder, net/minecraft/client/renderer/RenderType]
Cannot remap bind because it does not exist in any of the targets [com/mojang/blaze3d/vertex/BufferBuilder, net/minecraft/client/renderer/RenderType]
Cannot remap allocate because it does not exist in any of the targets [com/mojang/blaze3d/vertex/BufferBuilder, net/minecraft/client/renderer/RenderType]
Cannot remap init because it does not exist in any of the targets [net/minecraft/client/renderer/RenderBuffers, net/minecraft/client/renderer/RenderType, com/mojang/blaze3d/vertex/BufferBuilder, com/mojang/blaze3d/systems/RenderSystem, net/minecraft/client/Minecraft]
Cannot remap setup because it does not exist in any of the targets [net/minecraft/client/renderer/RenderBuffers, net/minecraft/client/renderer/RenderType, com/mojang/blaze3d/vertex/BufferBuilder, com/mojang/blaze3d/systems/RenderSystem, net/minecraft/client/Minecraft]
Cannot remap bind because it does not exist in any of the targets [net/minecraft/client/renderer/RenderBuffers, net/minecraft/client/renderer/RenderType, com/mojang/blaze3d/vertex/BufferBuilder, com/mojang/blaze3d/systems/RenderSystem, net/minecraft/client/Minecraft]
Cannot remap addMessage(Lnet/minecraft/network/chat/Component;Lnet/minecraft/network/chat/MessageSignature;Lnet/minecraft/client/multiplayer/chat/GuiMessageSource;Lnet/minecraft/client/multiplayer/chat/GuiMessageTag;)V because it does not exist in any of the targets [net/minecraft/client/gui/components/ChatComponent]
Cannot remap getRotation because it does not exist in any of the targets [net/minecraft/world/entity/item/ItemEntity, net/minecraft/client/renderer/entity/ItemEntityRenderer]
Cannot remap handleEvents because it does not exist in any of the targets [net/minecraft/client/renderer/RenderBuffers, net/minecraft/client/renderer/RenderType, com/mojang/blaze3d/vertex/BufferBuilder, com/mojang/blaze3d/systems/RenderSystem, net/minecraft/client/Minecraft]
Cannot remap getLerpedAmount because it does not exist in any of the targets [net/minecraft/world/entity/item/ItemEntity, net/minecraft/client/renderer/entity/ItemEntityRenderer]
Cannot remap tickEntities because it does not exist in any of the targets [net/minecraft/server/level/ServerLevel, net/minecraft/world/level/Level]
Cannot remap tickEntities()V because it does not exist in any of the targets [net/minecraft/world/level/Level]
Cannot remap tickNonPassenger(Lnet/minecraft/world/entity/Entity;)V because it does not exist in any of the targets [net/minecraft/world/level/Level]
Cannot remap shouldRenderEntity because it does not exist in any of the targets [net/minecraft/client/renderer/entity/EntityRenderDispatcher, net/minecraft/client/renderer/LevelRenderer, net/minecraft/client/renderer/entity/EntityRenderer]
Cannot remap tickEntities()V because it does not exist in any of the targets [net/minecraft/world/level/Level]
Cannot remap checkShouldRender because it does not exist in any of the targets [net/minecraft/client/renderer/entity/EntityRenderDispatcher, net/minecraft/client/renderer/LevelRenderer, net/minecraft/client/renderer/entity/EntityRenderer]
Cannot remap isTickingChunk because it does not exist in any of the targets [net/minecraft/server/level/ServerChunkCache, net/minecraft/server/level/ServerLevel, net/minecraft/world/level/chunk/LevelChunk]
Cannot remap drawInBatch(Lnet/minecraft/network/chat/Component;FFIZLorg/joml/Matrix4f;Lnet/minecraft/client/renderer/MultiBufferSource;Lnet/minecraft/client/gui/Font$DisplayMode;IIZ)I because it does not exist in any of the targets [net/minecraft/client/gui/Font]
Cannot remap drawInBatch(Ljava/lang/String;FFIZLorg/joml/Matrix4f;Lnet/minecraft/client/renderer/MultiBufferSource;Lnet/minecraft/client/gui/Font$DisplayMode;II)V because it does not exist in any of the targets [net/minecraft/client/gui/Font]
Cannot remap drawInBatch(Lnet/minecraft/network/chat/Component;FFIZLorg/joml/Matrix4f;Lnet/minecraft/client/renderer/MultiBufferSource;Lnet/minecraft/client/gui/Font$DisplayMode;II)V because it does not exist in any of the targets [net/minecraft/client/gui/Font]
Cannot remap drawInBatch(Lnet/minecraft/util/FormattedCharSequence;FFIZLorg/joml/Matrix4f;Lnet/minecraft/client/renderer/MultiBufferSource;Lnet/minecraft/client/gui/Font$DisplayMode;II)V because it does not exist in any of the targets [net/minecraft/client/gui/Font]

> Task :remapJar
> Task :remapSourcesJar SKIPPED
> Task :assemble
> Task :build

[Incubating] Problems report is available at: file:///home/runner/work/Beryllium/Beryllium/build/reports/problems/problems-report.html

Deprecated Gradle features were used in this build, making it incompatible with Gradle 10.

You can use '--warning-mode all' to show the individual deprecation warnings and determine if they come from your own scripts or plugins.

For more on this, please refer to https://docs.gradle.org/9.5.1/userguide/command_line_interface.html#sec:command_line_warnings in the Gradle documentation.

BUILD SUCCESSFUL in 16s
10 actionable tasks: 10 executed
