## minecraft 1.18.1
## commit: c4a005d
## gradle exit: 1, validate exit: 1
## compile errors: 22
## access widener: accessWidener v1 named
## packaged widener: 
## validate output: no non-sources jar found in build/libs 

To honour the JVM settings for this build a single-use Daemon process will be forked. For more on this, please refer to https://docs.gradle.org/9.5.1/userguide/gradle_daemon.html#sec:disabling_the_daemon in the Gradle documentation.
Daemon will be stopped at the end of the build 

> Configure project :
Fabric Loom: 1.17.21
Failed to parse fabric.mod.json: /home/runner/work/Beryllium/Beryllium/src/main/resources/fabric.mod.json

> Task :clean

> Task :compileJava FAILED
/home/runner/work/Beryllium/Beryllium/src/main/java/com/endiq/beryllium/mixin/optimization/NbtMixin.java:19: error: cannot find symbol
    private void beryllium$nbtRead(CallbackInfo ci) {}
                                   ^
  symbol:   class CallbackInfo
  location: class NbtMixin
/home/runner/work/Beryllium/Beryllium/src/main/java/com/endiq/beryllium/mixin/tick/ServerLevelRandomRedirectMixin.java:6: error: cannot find symbol
import net.minecraft.util.RandomSource;
                         ^
  symbol:   class RandomSource
  location: package net.minecraft.util
/home/runner/work/Beryllium/Beryllium/src/main/java/com/endiq/beryllium/mixin/tick/ServerLevelRandomRedirectMixin.java:38: error: cannot find symbol
	private RandomSource beryllium$workerRandom(ServerLevel level) {
	        ^
  symbol:   class RandomSource
  location: class ServerLevelRandomRedirectMixin
/home/runner/work/Beryllium/Beryllium/src/main/java/com/endiq/beryllium/tick/AsyncRandomTicks.java:4: error: cannot find symbol
import net.minecraft.util.RandomSource;
                         ^
  symbol:   class RandomSource
  location: package net.minecraft.util
/home/runner/work/Beryllium/Beryllium/src/main/java/com/endiq/beryllium/tick/AsyncRandomTicks.java:203: error: cannot find symbol
	public static RandomSource threadRandom() {
	              ^
  symbol:   class RandomSource
  location: class AsyncRandomTicks
/home/runner/work/Beryllium/Beryllium/src/main/java/com/endiq/beryllium/tick/ExperimentalCertification.java:5: error: cannot find symbol
import net.minecraft.util.RandomSource;
                         ^
  symbol:   class RandomSource
  location: package net.minecraft.util
/home/runner/work/Beryllium/Beryllium/src/main/java/com/endiq/beryllium/tick/ExperimentalCertification.java:112: error: cannot find symbol
	public static RandomSource threadRandom() {
	              ^
  symbol:   class RandomSource
  location: class ExperimentalCertification
/home/runner/work/Beryllium/Beryllium/src/main/java/com/endiq/beryllium/tick/ExperimentalCertification.java:127: error: cannot find symbol
		private static final ThreadLocal<RandomSource> LOCAL = ThreadLocal.withInitial(RandomSource::create);
		                                 ^
  symbol:   class RandomSource
  location: class WorkerRandom
/home/runner/work/Beryllium/Beryllium/src/main/java/com/endiq/beryllium/tick/ExperimentalCertification.java:132: error: cannot find symbol
		static RandomSource get() {
		       ^
  symbol:   class RandomSource
  location: class WorkerRandom
/home/runner/work/Beryllium/Beryllium/src/main/java/com/endiq/beryllium/mixin/common/shapes/EntityCollisionContextLazyMixin.java:114: error: incompatible types: invalid method reference
                this.canStandOnFluid = livingEntity::canStandOnFluid;
                                       ^
    incompatible types: FluidState cannot be converted to Fluid
/home/runner/work/Beryllium/Beryllium/src/main/java/com/endiq/beryllium/tick/ExperimentalCertification.java:127: error: cannot find symbol
		private static final ThreadLocal<RandomSource> LOCAL = ThreadLocal.withInitial(RandomSource::create);
		                                                                               ^
  symbol:   variable RandomSource
  location: class WorkerRandom
11 errors

[Incubating] Problems report is available at: file:///home/runner/work/Beryllium/Beryllium/build/reports/problems/problems-report.html

FAILURE: Build failed with an exception.

* What went wrong:
Execution failed for task ':compileJava' (registered by plugin class 'org.gradle.api.plugins.JavaBasePlugin').
> Compilation failed; see the compiler output below.
  /home/runner/work/Beryllium/Beryllium/src/main/java/com/endiq/beryllium/mixin/common/shapes/EntityCollisionContextLazyMixin.java:114: error: incompatible types: invalid method reference
                  this.canStandOnFluid = livingEntity::canStandOnFluid;
                                         ^
      incompatible types: FluidState cannot be converted to Fluid
  /home/runner/work/Beryllium/Beryllium/src/main/java/com/endiq/beryllium/mixin/optimization/NbtMixin.java:19: error: cannot find symbol
      private void beryllium$nbtRead(CallbackInfo ci) {}
                                     ^
    symbol:   class CallbackInfo
    location: class NbtMixin
  /home/runner/work/Beryllium/Beryllium/src/main/java/com/endiq/beryllium/mixin/tick/ServerLevelRandomRedirectMixin.java:6: error: cannot find symbol
  import net.minecraft.util.RandomSource;
                           ^
    symbol:   class RandomSource
    location: package net.minecraft.util
  /home/runner/work/Beryllium/Beryllium/src/main/java/com/endiq/beryllium/mixin/tick/ServerLevelRandomRedirectMixin.java:38: error: cannot find symbol
  	private RandomSource beryllium$workerRandom(ServerLevel level) {
  	        ^
    symbol:   class RandomSource
    location: class ServerLevelRandomRedirectMixin
  /home/runner/work/Beryllium/Beryllium/src/main/java/com/endiq/beryllium/tick/AsyncRandomTicks.java:4: error: cannot find symbol
  import net.minecraft.util.RandomSource;
                           ^
    symbol:   class RandomSource
    location: package net.minecraft.util
  /home/runner/work/Beryllium/Beryllium/src/main/java/com/endiq/beryllium/tick/AsyncRandomTicks.java:203: error: cannot find symbol
  	public static RandomSource threadRandom() {
  	              ^
    symbol:   class RandomSource
    location: class AsyncRandomTicks
  /home/runner/work/Beryllium/Beryllium/src/main/java/com/endiq/beryllium/tick/ExperimentalCertification.java:5: error: cannot find symbol
  import net.minecraft.util.RandomSource;
                           ^
    symbol:   class RandomSource
    location: package net.minecraft.util
  /home/runner/work/Beryllium/Beryllium/src/main/java/com/endiq/beryllium/tick/ExperimentalCertification.java:112: error: cannot find symbol
  	public static RandomSource threadRandom() {
  	              ^
    symbol:   class RandomSource
    location: class ExperimentalCertification
  /home/runner/work/Beryllium/Beryllium/src/main/java/com/endiq/beryllium/tick/ExperimentalCertification.java:127: error: cannot find symbol
  		private static final ThreadLocal<RandomSource> LOCAL = ThreadLocal.withInitial(RandomSource::create);
  		                                 ^
    symbol:   class RandomSource
    location: class WorkerRandom
  /home/runner/work/Beryllium/Beryllium/src/main/java/com/endiq/beryllium/tick/ExperimentalCertification.java:132: error: cannot find symbol
  		static RandomSource get() {
  		       ^
    symbol:   class RandomSource
    location: class WorkerRandom
  /home/runner/work/Beryllium/Beryllium/src/main/java/com/endiq/beryllium/tick/ExperimentalCertification.java:127: error: cannot find symbol
  		private static final ThreadLocal<RandomSource> LOCAL = ThreadLocal.withInitial(RandomSource::create);
  		                                                                               ^
    symbol:   variable RandomSource
    location: class WorkerRandom
  11 errors

* Try:
> Check your code and dependencies to fix the compilation error(s)
> Run with --scan to get full insights from a Build Scan (powered by Develocity).

BUILD FAILED in 5s
2 actionable tasks: 2 executed
